| test.c:21:5:21:13 | access to array | test.c:15:26:15:28 | GVN | test.c:15:26:15:28 | GVN |
| test.c:38:5:38:12 | access to array | test.c:26:39:26:41 | GVN | test.c:26:39:26:41 | GVN |
| test.c:69:5:69:19 | access to array | test.c:63:24:63:33 | GVN | test.c:63:24:63:33 | GVN |
| test.c:73:9:73:23 | access to array | test.c:63:24:63:33 | GVN | test.c:63:24:63:33 | GVN |
| test.c:74:9:74:27 | access to array | test.c:74:13:74:26 | GVN | test.c:63:24:63:33 | GVN |
| test.c:75:9:75:27 | access to array | test.c:75:13:75:26 | GVN | test.c:63:24:63:33 | GVN |
| test.c:83:5:83:19 | access to array | test.c:81:24:81:33 | GVN | test.c:81:24:81:33 | GVN |
| test.c:84:5:84:23 | access to array | test.c:84:9:84:22 | GVN | test.c:81:24:81:33 | GVN |
