| test.c:4:5:4:10 | access to array | 0 | test.c:3:17:3:22 | call to malloc | 100 |
| test.c:5:5:5:11 | access to array | 99 | test.c:3:17:3:22 | call to malloc | 100 |
| test.c:6:5:6:12 | access to array | 100 | test.c:3:17:3:22 | call to malloc | 100 |
| test.c:13:5:13:10 | access to array | 0 | test.c:12:17:12:22 | call to malloc | 100 |
| test.c:14:5:14:11 | access to array | 99 | test.c:12:17:12:22 | call to malloc | 100 |
| test.c:16:5:16:12 | access to array | 100 | test.c:12:17:12:22 | call to malloc | 100 |
| test.c:17:5:17:13 | access to array | 100 | test.c:12:17:12:22 | call to malloc | 100 |
