WARNING: Unused predicate computeIndices (/Users/hohn/local/codeql-workshop-runtime-values-c/session/example7b.ql:59,11-25)
| test.c:7:24:7:26 | 100 | test.c:7:17:7:22 | call to malloc | test.c:8:5:8:10 | access to array | 100 | 0 |
| test.c:7:24:7:26 | 100 | test.c:7:17:7:22 | call to malloc | test.c:9:5:9:11 | access to array | 100 | 99 |
| test.c:7:24:7:26 | 100 | test.c:7:17:7:22 | call to malloc | test.c:10:5:10:12 | access to array | 100 | 100 |
| test.c:15:26:15:28 | 100 | test.c:16:17:16:22 | call to malloc | test.c:17:5:17:10 | access to array | 100 | 0 |
| test.c:15:26:15:28 | 100 | test.c:16:17:16:22 | call to malloc | test.c:18:5:18:11 | access to array | 100 | 99 |
| test.c:15:26:15:28 | 100 | test.c:16:17:16:22 | call to malloc | test.c:19:5:19:17 | access to array | 100 | 99 |
| test.c:15:26:15:28 | 100 | test.c:16:17:16:22 | call to malloc | test.c:20:5:20:12 | access to array | 100 | 100 |
| test.c:15:26:15:28 | 100 | test.c:16:17:16:22 | call to malloc | test.c:21:5:21:13 | access to array | 100 | 100 |
| test.c:26:39:26:41 | 100 | test.c:28:17:28:22 | call to malloc | test.c:35:5:35:10 | access to array | 100 | 0 |
| test.c:26:39:26:41 | 100 | test.c:28:17:28:22 | call to malloc | test.c:36:5:36:11 | access to array | 100 | 99 |
| test.c:26:39:26:41 | 100 | test.c:28:17:28:22 | call to malloc | test.c:37:5:37:17 | access to array | 100 | 299 |
| test.c:26:39:26:41 | 100 | test.c:28:17:28:22 | call to malloc | test.c:38:5:38:12 | access to array | 100 | 100 |
| test.c:26:39:26:41 | 100 | test.c:28:17:28:22 | call to malloc | test.c:39:5:39:13 | access to array | 100 | 300 |
| test.c:26:39:26:41 | 100 | test.c:28:17:28:22 | call to malloc | test.c:43:9:43:17 | access to array | 100 | 198 |
| test.c:26:39:26:41 | 100 | test.c:28:17:28:22 | call to malloc | test.c:44:9:44:21 | access to array | 100 | 199 |
| test.c:26:39:26:41 | 100 | test.c:28:17:28:22 | call to malloc | test.c:45:9:45:21 | access to array | 100 | 200 |
| test.c:26:45:26:47 | 200 | test.c:28:17:28:22 | call to malloc | test.c:35:5:35:10 | access to array | 200 | 0 |
| test.c:26:45:26:47 | 200 | test.c:28:17:28:22 | call to malloc | test.c:36:5:36:11 | access to array | 200 | 99 |
| test.c:26:45:26:47 | 200 | test.c:28:17:28:22 | call to malloc | test.c:37:5:37:17 | access to array | 200 | 299 |
| test.c:26:45:26:47 | 200 | test.c:28:17:28:22 | call to malloc | test.c:38:5:38:12 | access to array | 200 | 100 |
| test.c:26:45:26:47 | 200 | test.c:28:17:28:22 | call to malloc | test.c:39:5:39:13 | access to array | 200 | 300 |
| test.c:26:45:26:47 | 200 | test.c:28:17:28:22 | call to malloc | test.c:43:9:43:17 | access to array | 200 | 198 |
| test.c:26:45:26:47 | 200 | test.c:28:17:28:22 | call to malloc | test.c:44:9:44:21 | access to array | 200 | 199 |
| test.c:26:45:26:47 | 200 | test.c:28:17:28:22 | call to malloc | test.c:45:9:45:21 | access to array | 200 | 200 |
| test.c:55:22:55:24 | 200 | test.c:63:17:63:22 | call to malloc | test.c:65:5:65:10 | access to array | 200 | 0 |
| test.c:55:22:55:24 | 200 | test.c:63:17:63:22 | call to malloc | test.c:66:5:66:12 | access to array | 200 | 100 |
| test.c:55:22:55:24 | 200 | test.c:63:17:63:22 | call to malloc | test.c:67:5:67:12 | access to array | 200 | 200 |
| test.c:55:22:55:24 | 200 | test.c:63:17:63:22 | call to malloc | test.c:73:9:73:23 | access to array | 200 | 198 |
| test.c:55:22:55:24 | 200 | test.c:63:17:63:22 | call to malloc | test.c:74:9:74:27 | access to array | 200 | 199 |
| test.c:55:22:55:24 | 200 | test.c:63:17:63:22 | call to malloc | test.c:75:9:75:27 | access to array | 200 | 200 |
